../Core/Src/main.c:91:5:main	32	static
../Core/Src/main.c:189:6:SystemClock_Config	88	static
../Core/Src/main.c:236:13:MX_I2C1_Init	8	static
../Core/Src/main.c:270:13:MX_TIM3_Init	48	static
../Core/Src/main.c:323:13:MX_TIM4_Init	56	static
../Core/Src/main.c:372:13:MX_TIM5_Init	56	static
../Core/Src/main.c:421:13:MX_TIM9_Init	24	static
../Core/Src/main.c:459:13:MX_USART2_UART_Init	8	static
../Core/Src/main.c:492:13:MX_GPIO_Init	48	static
../Core/Src/main.c:537:6:HAL_TIM_PeriodElapsedCallback	24	static
../Core/Src/main.c:561:6:Error_Handler	4	static,ignoring_inline_asm
